ArteLogico.GisGlue.Contracts.Color [108, 151, 203, 0]