{
  "background": [
    19,
    19,
    19,
    255
  ]
}