[
  [
    100.0,
    200.0
  ],
  [
    1000.0,
    2000.0
  ]
]