{
  "baseMap": {
    "baseMapLayers": [
      {
        "id": "World_Light_Gray_Base_7739",
        "opacity": 1,
        "url": "http://services.arcgisonline.com/ArcGIS/rest/services/Canvas/World_Light_Gray_Base/MapServer",
        "visibility": true
      },
      {
        "id": "World_Light_Gray_Reference_241",
        "isReference": true,
        "opacity": 1,
        "url": "http://services.arcgisonline.com/ArcGIS/rest/services/Canvas/World_Light_Gray_Reference/MapServer",
        "visibility": true
      }
    ],
    "title": "Light Gray Canvas"
  },
  "operationalLayers": [
    {
      "id": "WorldTimeZones_717",
      "layerDefinition": {
        "drawingInfo": {
          "renderer": {
            "type": "simple",
            "symbol": {
              "color": [ 108, 151, 203, 0 ],
              "outline": {
                "color": [ 108, 151, 203, 255 ],
                "width": 1.5,
                "type": "esriSLS",
                "style": "esriSLSSolid"
              },
              "type": "esriSFS",
              "style": "esriSFSSolid"
            }
          }
        },
        "minScale": 500000000,
        "maxScale": 0
      },
      "mode": 1,
      "opacity": 0.78,
      "popupInfo": {
        "title": "Offset from UTC: {ZONE}",
        "fieldInfos": [
          {
            "fieldName": "ObjectID",
            "label": "ObjectID",
            "isEditable": false,
            "tooltip": "",
            "visible": false,
            "stringFieldOption": "textbox"
          },
          {
            "fieldName": "Shape",
            "label": "Shape",
            "isEditable": false,
            "tooltip": "",
            "visible": false,
            "stringFieldOption": "textbox"
          },
          {
            "fieldName": "ZONE",
            "label": "Time Zone",
            "isEditable": false,
            "tooltip": "",
            "visible": false,
            "format": {
              "places": 2,
              "digitSeparator": true
            },
            "stringFieldOption": "textbox"
          },
          {
            "fieldName": "SQ_MI",
            "label": "SQ_MI",
            "isEditable": false,
            "tooltip": "",
            "visible": false,
            "format": {
              "places": 2,
              "digitSeparator": true
            },
            "stringFieldOption": "textbox"
          },
          {
            "fieldName": "SQKM",
            "label": "SQKM",
            "isEditable": false,
            "tooltip": "",
            "visible": false,
            "format": {
              "places": 2,
              "digitSeparator": true
            },
            "stringFieldOption": "textbox"
          },
          {
            "fieldName": "COLORMAP",
            "label": "COLORMAP",
            "isEditable": false,
            "tooltip": "",
            "visible": false,
            "format": {
              "places": 2,
              "digitSeparator": true
            },
            "stringFieldOption": "textbox"
          }
        ],
        "description": null,
        "showAttachments": true,
        "mediaInfos": [ ]
      },
      "title": "World Time Zones",
      "url": "http://sampleserver6.arcgisonline.com/arcgis/rest/services/WorldTimeZones/MapServer/1",
      "visibility": true
    }
  ],
  "version": "1.6"
}