{
  "baseMap": {
    "baseMapLayers": [
      {
        "id": "NatGeo_World_Map_9586",
        "opacity": 1,
        "url": "http://services.arcgisonline.com/ArcGIS/rest/services/NatGeo_World_Map/MapServer",
        "visibility": true
      }
    ],
    "title": "National Geographic"
  },
  "operationalLayers": [
    {
      "id": "US_Counties_Antialiasing_2423",
      "opacity": 0.74,
      "title": "US_Counties_Antialiasing",
      "url": "http://servicesbeta.esri.com/arcgis/rest/services/US_Counties_Antialiasing/MapServer",
      "visibility": true
    }
  ],
  "version": "1.6"
}